<nav>
  <h3><a href="../../index.html">Overview</a></h3>
  <div>
    <input type="checkbox" id="nav-modules" checked="" />
    <label for="nav-modules"><h3>Modules</h3></label>
    <div>
      <ul>
        <li><a href="../../module_example.html">example</a></li>
        <li><a href="../../module_example_nested.html">example/nested</a></li>
      </ul>
    </div>
  </div>
  <div>
    <input type="checkbox" id="nav-types" checked="" />
    <label for="nav-types"><h3>Types</h3></label>
    <div>
      <ul>
        <li><a href="../../class_DeprecatedFoo.html">DeprecatedFoo</a></li>
        <li><a href="../../enum_EmptyEnum.html">EmptyEnum</a></li>
        <li><a href="../../class_GlobalCtor.html">GlobalCtor</a></li>
        <li><a href="../../class_GlobalCtor_Other.html">GlobalCtor.Other</a></li>
        <li><a href="../../enum_GlobalEnum.html">GlobalEnum</a></li>
        <li><a href="../../class_GlobalPrivateCtor.html">GlobalPrivateCtor</a></li>
        <li><a href="../../class_SomeCtor.html">SomeCtor</a></li>
        <li><a href="../../enum_UndefinedEnum.html">UndefinedEnum</a></li>
        <li><a href="../../namespace_closure_module.html">closure.module</a></li>
        <li><a href="../../class_closure_module_Clazz.html">closure.module.Clazz</a></li>
        <li><a href="../../class_closure_module_PubClass.html">closure.module.PubClass</a></li>
        <li><a href="../../namespace_foo.html">foo</a></li>
        <li><a href="../../class_foo_One.html">foo.One</a></li>
        <li><a href="../../namespace_sample_inheritance.html">sample.inheritance</a></li>
        <li><a href="../../class_sample_inheritance_BaseClass.html">sample.inheritance.BaseClass</a></li>
        <li><a href="../../interface_sample_inheritance_BaseInterface.html">sample.inheritance.BaseInterface</a></li>
        <li><a href="../../class_sample_inheritance_FinalClass.html">sample.inheritance.FinalClass</a></li>
        <li><a href="../../interface_sample_inheritance_LeafInterface.html">sample.inheritance.LeafInterface</a></li>
        <li><a href="../../class_sample_inheritance_NumberClass.html">sample.inheritance.NumberClass</a></li>
        <li><a href="../../interface_sample_inheritance_OtherInterface.html">sample.inheritance.OtherInterface</a></li>
        <li><a href="../../interface_sample_inheritance_Runnable.html">sample.inheritance.Runnable</a></li>
        <li><a href="../../class_sample_inheritance_RunnableError.html">sample.inheritance.RunnableError</a></li>
        <li><a href="../../class_sample_inheritance_SecondClass.html">sample.inheritance.SecondClass</a></li>
        <li><a href="../../interface_sample_inheritance_SecondInterface.html">sample.inheritance.SecondInterface</a></li>
        <li><a href="../../class_sample_inheritance_StringClass.html">sample.inheritance.StringClass</a></li>
        <li><a href="../../class_sample_inheritance_TemplateClass.html">sample.inheritance.TemplateClass</a></li>
        <li><a href="../../namespace_sample_json.html">sample.json</a></li>
      </ul>
    </div>
  </div>
</nav>