<article>
  <div class="parentlink">
    <b>Namespace:</b> 
    <a href="namespace_sample_inheritance.html">sample.inheritance</a>
  </div>
  <div class="codelink">
    <a href="source/inheritance.js.src.html#l214">View Source</a>
  </div>
  <h1 class="deprecated">class DeprecatedFinalClass</h1>
  <div class="tags">
    <span>deprecated</span>
    <span>final</span>
  </div>
  <pre class="inheritance"><a href="class_sample_inheritance_BaseClass.html">sample.inheritance.BaseClass</a>
  └ <a href="class_sample_inheritance_SecondClass.html">sample.inheritance.SecondClass</a>
      └ sample.inheritance.DeprecatedFinalClass</pre>
  <dl>
    <dt>
      All implemented interfaces
    </dt>
    <dd>
      <code><a href="interface_sample_inheritance_BaseInterface.html">sample.inheritance.BaseInterface</a></code>
    </dd>
    <dd>
      <code><a href="interface_sample_inheritance_LeafInterface.html">sample.inheritance.LeafInterface</a></code>
    </dd>
    <dd>
      <code><a href="interface_sample_inheritance_OtherInterface.html">sample.inheritance.OtherInterface</a>&lt;<a href="https://developer.mozilla.org/en-US/docs/Web/JavaScript/Reference/Global_Objects/Number">number</a>&gt;</code>
    </dd>
    <dd>
      <code><a href="interface_sample_inheritance_Runnable.html">sample.inheritance.Runnable</a></code>
    </dd>
    <dd>
      <code><a href="interface_sample_inheritance_SecondInterface.html">sample.inheritance.SecondInterface</a></code>
    </dd>
    <dt>
      Deprecated
    </dt>
    <dd>
      <p>Use <a href="class_sample_inheritance_FinalClass.html"><code>sample.inheritance.FinalClass</code></a> instead.</p> 
    </dd>
  </dl>
  <h2>Instance Methods</h2>
  <div id="run" class="function">
    <div>
      <h3>run()<span class="codelink"><a href="source/inheritance.js.src.html#l218">code »</a></span></h3>
      <p>Run this instance.</p> 
      <p><b>Overrides: </b><a href="class_sample_inheritance_SecondClass.html#run">sample.inheritance.SecondClass</a><br><b>Specified by: </b><a href="interface_sample_inheritance_Runnable.html#run">sample.inheritance.Runnable</a></p>
    </div>
  </div>
</article>