<article>
  <section class="intro">
    <div class="parentlink">
      <b>Namespace:</b>
      <a href="closure.module.html">closure.module</a>
    </div>
    <div class="codelink">
      <a href="source/closure_module.js.src.html#l42">View Source</a>
    </div>
    <h1 class="title">
      <div>
        class Clazz
      </div></h1>
    <pre class="inheritance"><a href="closure.module.PubClass.html">PubClass</a>
  â”” Clazz</pre>
    <p>This class is defined on exports and should be documented. It is an extension of the internally defined <a href="closure.module.PubClass.html"><code>PublicClass</code></a>.</p>
    <h3 class="name">
      <div>
        new Clazz()
      </div></h3>
    <h6 class="detail">Parameters</h6>
    <div class="detail">
      <dl>
        <dd>
          <p>None.</p>
        </dd>
      </dl>
    </div>
  </section>
  <section class="instance-methods">
    <h2>Instance Methods</h2>
    <section class="property" id="aMethod">
      <div class="code-link">
        <a href="source/closure_module.js.src.html#l29" title="View source"><i class="material-icons">code</i></a>
      </div>
      <h3 class="name">
        <div>
          aMethod()
        </div></h3>
      <p>This is a method.</p>
    </section>
    <section class="property" id="method">
      <div class="code-link">
        <a href="source/closure_module.js.src.html#l49" title="View source"><i class="material-icons">code</i></a>
      </div>
      <h3 class="name">
        <div>
          method()
        </div></h3>
      <p>Lorem ipsum.</p>
    </section>
  </section>
</article>
