[
  null,
  [
    [
      [
        "Clazz",
        null,
        null,
        null,
        [
          null,
          42,
          null,
          [
            null,
            null,
            "source/closure_module.js.src.html"
          ]
        ],
        null,
        [
          [
            [
              null,
              "\u003cp\u003eThis class is defined on exports and should be documented.\nIt is an extension of the internally defined \u003ca href\u003d\"closure.module.PubClass.html\"\u003e\u003ccode\u003ePublicClass\u003c/code\u003e\u003c/a\u003e.\u003c/p\u003e\n"
            ]
          ]
        ],
        [],
        null,
        [],
        null,
        [],
        [],
        [
          [
            "Clazz",
            [
              null,
              42,
              null,
              [
                null,
                null,
                "source/closure_module.js.src.html"
              ]
            ],
            [
              [
                [
                  null,
                  "\u003cp\u003eThis class is defined on exports and should be documented.\nIt is an extension of the internally defined \u003ca href\u003d\"closure.module.PubClass.html\"\u003e\u003ccode\u003ePublicClass\u003c/code\u003e\u003c/a\u003e.\u003c/p\u003e\n"
                ]
              ]
            ],
            null,
            null,
            null,
            null,
            null,
            [],
            []
          ],
          [],
          1,
          [],
          null,
          []
        ],
        [
          [
            [
              "aMethod",
              [
                null,
                29,
                null,
                [
                  null,
                  null,
                  "source/closure_module.js.src.html"
                ]
              ],
              [
                [
                  [
                    null,
                    "\u003cp\u003eThis is a method.\u003c/p\u003e\n"
                  ]
                ]
              ],
              null,
              null,
              null,
              [
                "PubClass",
                "closure.module.PubClass",
                [
                  null,
                  null,
                  [
                    null,
                    null,
                    "closure.module.PubClass.html#aMethod"
                  ]
                ],
                null,
                []
              ],
              null,
              [],
              []
            ],
            [],
            null,
            [],
            null,
            []
          ],
          [
            [
              "method",
              [
                null,
                49,
                null,
                [
                  null,
                  null,
                  "source/closure_module.js.src.html"
                ]
              ],
              [
                [
                  [
                    null,
                    "\u003cp\u003eLorem ipsum.\u003c/p\u003e\n"
                  ]
                ]
              ],
              null,
              null,
              null,
              null,
              null,
              [],
              []
            ],
            [],
            null,
            [],
            null,
            []
          ]
        ],
        [],
        null,
        [
          [
            "PubClass",
            "closure.module.PubClass",
            [
              null,
              null,
              [
                null,
                null,
                "closure.module.PubClass.html"
              ]
            ],
            null,
            []
          ]
        ],
        [],
        [],
        [
          [
            "closure.module",
            null,
            [
              null,
              null,
              [
                null,
                null,
                "closure.module.html"
              ]
            ],
            null,
            []
          ],
          null,
          null,
          null,
          1
        ],
        null,
        "closure.module.Clazz.html",
        "closure.module.Clazz",
        [],
        [],
        [],
        []
      ]
    ]
  ]
]