[
  null,
  [
    [
      [
        "closure.module",
        null,
        null,
        null,
        [
          null,
          6,
          null,
          [
            null,
            null,
            "source/closure_module.js.src.html"
          ]
        ],
        [
          [
            [
              "Clazz",
              null,
              [
                [
                  [
                    null,
                    "\u003cp\u003eThis class is defined on exports and should be documented.\u003c/p\u003e\n"
                  ]
                ]
              ],
              null,
              [
                null,
                null,
                "closure.module.Clazz.html"
              ]
            ],
            [
              "HardWorker",
              null,
              [
                [
                  [
                    null,
                    "\u003cp\u003eWorks extra hard.\u003c/p\u003e\n"
                  ]
                ]
              ],
              null,
              [
                null,
                null,
                "closure.module.HardWorker.html"
              ]
            ],
            [
              "PubClass",
              null,
              [
                [
                  [
                    null,
                    "\u003cp\u003eThis class is defined internally, but assigned to exports and thus\nshould be documented.\u003c/p\u003e\n"
                  ]
                ]
              ],
              null,
              [
                null,
                null,
                "closure.module.PubClass.html"
              ]
            ],
            [
              "Worker",
              null,
              [
                [
                  [
                    null,
                    "\u003cp\u003eA generic worker class.\u003c/p\u003e\n"
                  ]
                ]
              ],
              null,
              [
                null,
                null,
                "closure.module.Worker.html"
              ]
            ]
          ],
          [],
          []
        ],
        [
          [
            [
              null,
              "\u003cp\u003eThis comment should be the used for the module\nsummary in the generated documentation.\u003c/p\u003e\n"
            ]
          ]
        ],
        [
          null,
          null,
          null,
          null,
          null,
          1
        ],
        null,
        [],
        null,
        [
          [
            [
              "publicMethod",
              [
                null,
                60,
                null,
                [
                  null,
                  null,
                  "source/closure_module.js.src.html"
                ]
              ],
              [
                [
                  [
                    null,
                    "\u003cp\u003eThis is an internal function exposed below.\u003c/p\u003e\n"
                  ]
                ]
              ],
              null,
              null,
              null,
              null,
              null,
              [],
              []
            ],
            [],
            null,
            [
              [
                "a",
                [
                  null,
                  null,
                  null,
                  [
                    "PubClass",
                    "closure.module.PubClass",
                    [
                      null,
                      null,
                      [
                        null,
                        null,
                        "closure.module.PubClass.html"
                      ]
                    ],
                    null,
                    []
                  ]
                ],
                [
                  [
                    [
                      null,
                      "\u003cp\u003eReference to internal class as parameter.\u003c/p\u003e\n"
                    ]
                  ]
                ]
              ],
              [
                "b",
                [
                  null,
                  null,
                  null,
                  null,
                  null,
                  [
                    [
                      [
                        null,
                        null,
                        null,
                        [
                          "string",
                          null,
                          null,
                          1,
                          []
                        ]
                      ],
                      [
                        null,
                        null,
                        null,
                        [
                          "PubClass",
                          "closure.module.PubClass",
                          [
                            null,
                            null,
                            [
                              null,
                              null,
                              "closure.module.PubClass.html"
                            ]
                          ],
                          null,
                          []
                        ]
                      ],
                      [
                        null,
                        null,
                        null,
                        null,
                        null,
                        null,
                        null,
                        null,
                        null,
                        1
                      ]
                    ]
                  ]
                ],
                [
                  [
                    [
                      null,
                      "\u003cp\u003eReference to internal class in union.\u003c/p\u003e\n"
                    ]
                  ]
                ]
              ]
            ],
            null,
            []
          ]
        ],
        [],
        null,
        [],
        [],
        null,
        [],
        [],
        [],
        [
          [
            "closure.module",
            null,
            [
              null,
              null,
              [
                null,
                null,
                "closure.module.html"
              ]
            ],
            null,
            []
          ],
          null,
          1
        ],
        null,
        "closure.module.html",
        "closure.module",
        [],
        [],
        [],
        []
      ]
    ]
  ]
]