<article>
  <section class="intro">
    <div class="header">
      <h1 class="title">
        <div>
          module closure.module
        </div></h1>
    </div>
    <div class="body">
      <p>This comment should be the used for the module summary in the generated documentation.</p>
      <div class="source">
        <a href="source/closure_module.js.src.html#l6" title="View source">VIEW SOURCE</a>
      </div>
    </div>
  </section>
  <section class="instance-methods">
    <h2>Exported Functions</h2>
    <section class="property expandable" id="publicMethod">
      <div class="header">
        <div class="more">
          <i class="material-icons">expand_more</i>
        </div>
        <h3 class="name">
          <div>
            publicMethod(
            <var>a</var>,
            <var>b</var> )
            <var class="yield">â†’</var>
            <code class="expression"><i>void</i></code>
          </div></h3>
      </div>
      <div class="body">
        <p>This is an internal function exposed below.</p>
        <table class="info">
          <tbody>
            <tr class="info-row block">
              <th class="info-head">Parameters</th>
              <td class="info-cell">
                <table class="info detail">
                  <tbody>
                    <tr class="info-row">
                      <td class="info-cell"><var>a</var></td>
                      <td class="info-cell"><code class="expression">!<a href="closure.module.PubClass.html" data-json="closure.module.PubClass.json" title="closure.module.PubClass">PubClass</a></code></td>
                    </tr>
                    <tr class="info-row">
                      <td class="info-cell"></td>
                      <td class="info-cell"><p>Reference to internal class as parameter.</p> </td>
                    </tr>
                    <tr class="info-row">
                      <td class="info-cell"><var>b</var></td>
                      <td class="info-cell"><code class="expression">(<a href="https://developer.mozilla.org/en-US/docs/Web/JavaScript/Reference/Global_Objects/String" target="_blank">string</a>|<a href="closure.module.PubClass.html" data-json="closure.module.PubClass.json" title="closure.module.PubClass">PubClass</a>|null)</code></td>
                    </tr>
                    <tr class="info-row">
                      <td class="info-cell"></td>
                      <td class="info-cell"><p>Reference to internal class in union.</p> </td>
                    </tr>
                  </tbody>
                </table></td>
            </tr>
          </tbody>
        </table>
        <div class="source">
          <a href="source/closure_module.js.src.html#l60" title="View source">VIEW SOURCE</a>
        </div>
      </div>
    </section>
  </section>
  <section class="types">
    <h2>Exported Classes</h2>
    <ul>
      <li class="summary">
        <div>
          <a href="closure.module.Clazz.html">Clazz</a>
        </div></li>
      <li class="summary">
        <div>
          <a href="closure.module.HardWorker.html">HardWorker</a>
        </div></li>
      <li class="summary">
        <div>
          <a href="closure.module.PubClass.html">PubClass</a>
        </div></li>
      <li class="summary">
        <div>
          <a href="closure.module.Worker.html">Worker</a>
        </div></li>
    </ul>
  </section>
</article>