[
  null,
  [
    [
      [
        "EmptyEnum",
        null,
        null,
        null,
        [
          null,
          2,
          null,
          [
            null,
            null,
            "source/subdir/emptyenum.js.src.html"
          ]
        ],
        null,
        [
          []
        ],
        [],
        null,
        [],
        [
          [
            null,
            null,
            null,
            [
              "string",
              null,
              null,
              1,
              []
            ]
          ],
          []
        ],
        [],
        [],
        null,
        [],
        [],
        null,
        [],
        [],
        [],
        null,
        null,
        "EmptyEnum.html",
        "EmptyEnum",
        [],
        [],
        [],
        []
      ]
    ]
  ]
]