<article>
  <section class="intro">
    <div class="header">
      <h1 class="title">
        <div>
          enum EmptyEnum
        </div></h1>
    </div>
    <div class="body">
      <table class="info">
        <tbody>
          <tr class="info-row">
            <th class="info-head">Type</th>
            <td class="info-cell"><code class="expression"><a href="https://developer.mozilla.org/en-US/docs/Web/JavaScript/Reference/Global_Objects/String" target="_blank">string</a></code></td>
          </tr>
        </tbody>
      </table>
      <p>No description available.</p>
      <div class="source">
        <a href="source/subdir/emptyenum.js.src.html#l2" title="View source">VIEW SOURCE</a>
      </div>
    </div>
  </section>
</article>