<article>
  <section class="intro">
    <div class="header">
      <table class="info">
        <tbody>
          <tr class="info-row block">
            <th class="info-head">Namespace</th>
            <td class="info-cell">
              <ul class="type-list">
                <li><code class="expression"><a href="foo.quot.html">foo.quot</a></code></li>
              </ul></td>
          </tr>
        </tbody>
      </table>
      <h1 class="title">
        <div>
          class foo.quot.OneBarAlias
        </div></h1>
    </div>
    <div class="body">
      <p>No description available.</p>
      <h3 class="name">
        <div>
          new OneBarAlias()
        </div></h3>
      <table class="info">
        <tbody>
          <tr class="info-row block">
            <th class="info-head">Parameters</th>
            <td class="info-cell"><p>None.</p></td>
          </tr>
        </tbody>
      </table>
      <div class="source">
        <a href="source/filter.js.src.html#l76" title="View source">VIEW SOURCE</a>
      </div>
    </div>
  </section>
  <section class="instance-methods">
    <h2>Instance Methods</h2>
    <section class="property expandable" id="equals">
      <div class="header">
        <div class="more">
          <i class="material-icons">expand_more</i>
        </div>
        <h3 class="name">
          <div>
            equals(
            <var>other</var> )
            <var class="yield">→</var>
            <code class="expression"><i>void</i></code>
          </div></h3>
      </div>
      <div class="body">
        <table class="info">
          <tbody>
            <tr class="info-row block">
              <th class="info-head">Parameters</th>
              <td class="info-cell">
                <table class="info detail">
                  <tbody>
                    <tr class="info-row">
                      <td class="info-cell"><var>other</var></td>
                      <td class="info-cell"><code class="expression"><a href="foo.quot.OneBarAlias.html">foo.quot.OneBarAlias</a></code></td>
                    </tr>
                    <tr class="info-row">
                      <td class="info-cell"></td>
                      <td class="info-cell"><p>The other instance to compare.</p> </td>
                    </tr>
                  </tbody>
                </table></td>
            </tr>
          </tbody>
        </table>
        <div class="source">
          <a href="source/filter.js.src.html#l64" title="View source">VIEW SOURCE</a>
        </div>
      </div>
    </section>
    <section class="property expandable" id="run">
      <div class="header">
        <div class="more">
          <i class="material-icons">expand_more</i>
        </div>
        <h3 class="name">
          <div>
            run()
            <var class="yield">→</var>
            <code class="expression"><i>void</i></code>
          </div></h3>
      </div>
      <div class="body">
        <p>Run, forest, run!</p>
        <div class="source">
          <a href="source/filter.js.src.html#l70" title="View source">VIEW SOURCE</a>
        </div>
      </div>
    </section>
  </section>
</article>