<article>
  <section class="intro">
    <div class="header">
      <div class="codelink">
        <a href="source/filter.js.src.html#l5">View Source</a>
      </div>
      <h1 class="title">
        <div>
          namespace foo
        </div></h1>
    </div>
    <div class="body">
      <p>No description available.</p>
    </div>
  </section>
  <section class="static-functions">
    <h2>Functions</h2>
    <section class="property expandable" id="newFilteredClass">
      <div class="header">
        <div class="code-link">
          <a href="source/filter.js.src.html#l22" title="View source"><i class="material-icons">code</i></a>
        </div>
        <h3 class="name">
          <div>
            newFilteredClass()
          </div></h3>
      </div>
      <div class="body">
        <dl>
          <dt class="spec">
            Returns
          </dt>
          <dd>
            <dl>
              <dt>
                <code>foo.FilteredClass</code>
              </dt>
              <dd>
                <p>A new filtered class.</p>
              </dd>
            </dl>
          </dd>
        </dl>
      </div>
    </section>
  </section>
  <section class="types">
    <h2>Types</h2>
    <ul>
      <li><a href="foo.One.html">One</a></li>
    </ul>
  </section>
</article>