[
  null,
  [
    [
      [
        "foo.quot.OneBarAlias",
        null,
        null,
        null,
        [
          null,
          76,
          null,
          [
            null,
            null,
            "source/filter.js.src.html"
          ]
        ],
        null,
        [
          []
        ],
        [],
        null,
        [],
        null,
        [],
        [],
        [
          [
            "OneBarAlias",
            [
              null,
              76,
              null,
              [
                null,
                null,
                "source/filter.js.src.html"
              ]
            ],
            [
              []
            ],
            null,
            null,
            null,
            null,
            null,
            [],
            []
          ],
          [],
          1,
          [],
          null,
          []
        ],
        [
          [
            [
              "equals",
              [
                null,
                64,
                null,
                [
                  null,
                  null,
                  "source/filter.js.src.html"
                ]
              ],
              [
                []
              ],
              null,
              null,
              null,
              null,
              null,
              [],
              []
            ],
            [],
            null,
            [
              [
                "other",
                [
                  null,
                  null,
                  null,
                  [
                    "foo.quot.OneBarAlias",
                    null,
                    [
                      null,
                      null,
                      [
                        null,
                        null,
                        "foo.quot.OneBarAlias.html"
                      ]
                    ],
                    null,
                    []
                  ]
                ],
                [
                  [
                    [
                      null,
                      "\u003cp\u003eThe other instance to compare.\u003c/p\u003e\n"
                    ]
                  ]
                ]
              ]
            ],
            null,
            []
          ],
          [
            [
              "run",
              [
                null,
                70,
                null,
                [
                  null,
                  null,
                  "source/filter.js.src.html"
                ]
              ],
              [
                [
                  [
                    null,
                    "\u003cp\u003eRun, forest, run!\u003c/p\u003e\n"
                  ]
                ]
              ],
              null,
              null,
              null,
              null,
              null,
              [],
              []
            ],
            [],
            null,
            [],
            null,
            []
          ]
        ],
        [],
        null,
        [],
        [],
        [],
        [
          [
            "foo.quot",
            null,
            [
              null,
              null,
              [
                null,
                null,
                "foo.quot.html"
              ]
            ],
            null,
            []
          ],
          null,
          null,
          1
        ],
        null,
        "foo.quot.OneBarAlias.html",
        "foo.quot.OneBarAlias",
        [],
        [],
        [],
        []
      ]
    ]
  ]
]