[
  null,
  [
    [
      [
        "GlobalEnum",
        null,
        null,
        null,
        [
          null,
          97,
          null,
          [
            null,
            null,
            "source/globals.js.src.html"
          ]
        ],
        null,
        [
          [
            [
              null,
              "\u003cp\u003eThis is a global enumeration of strings.\u003c/p\u003e\n"
            ]
          ]
        ],
        [],
        null,
        [],
        [
          [
            null,
            null,
            null,
            [
              "string",
              null,
              null,
              1,
              []
            ]
          ],
          [
            [
              "COLOR",
              [
                [
                  [
                    null,
                    "\u003cp\u003eColor description.\u003c/p\u003e\n"
                  ]
                ]
              ]
            ],
            [
              "DAY",
              [
                [
                  [
                    null,
                    "\u003cp\u003eDay of the week.\u003c/p\u003e\n"
                  ]
                ]
              ],
              [
                [
                  [
                    null,
                    "\u003cp\u003eDo not use this anymore.\u003c/p\u003e\n"
                  ]
                ]
              ]
            ],
            [
              "FRUIT"
            ]
          ]
        ],
        [
          [
            [
              "GlobalEnum.doSomething",
              [
                null,
                114,
                null,
                [
                  null,
                  null,
                  "source/globals.js.src.html"
                ]
              ],
              [
                [
                  [
                    null,
                    "\u003cp\u003eThis is a function defined on a global enumeration.\u003c/p\u003e\n"
                  ]
                ]
              ],
              null,
              null,
              null,
              null,
              null,
              [],
              []
            ],
            [],
            null,
            [],
            null,
            []
          ]
        ],
        [],
        null,
        [],
        [],
        null,
        [],
        [],
        [],
        null,
        null,
        "GlobalEnum.html",
        "GlobalEnum",
        [],
        [],
        [],
        []
      ]
    ]
  ]
]