<article class="page">
  <h1>Header 1</h1>
  <h2>Header 2</h2>
  <p>This is a simple readme file.</p>
  <h3>Header 3</h3>
  <p>It should be rendered as HTML in index.html</p>
  <p>It should be possible to link to types...</p>
  <ul>
    <li>by qualified name: <a href="sample.json.html" data-json="sample.json.json"><code>sample.json</code></a></li>
    <li>by qualified name with <a href="GlobalCtor.html" data-json="GlobalCtor.json"><code>with text</code></a></li>
    <li>that are modules: <a href="module/example/index.html" data-json="module/example/index.json"><code>example</code></a></li>
    <li>that are module exported types: <a href="module/example/nested_exports_Greeter.html" data-json="module/example/nested_exports_Greeter.json"><code>example/nested.Greeter</code></a></li>
    <li>that are module type properties: <a href="module/example/nested_exports_Greeter.html#greet" data-json="module/example/nested_exports_Greeter.json"><code>example/nested.Greeter#greet</code></a></li>
  </ul>
</article>