<article>
  <div class="codelink">
    <a href="source/example/nested.js.src.html#l9">View Source</a>
  </div>
  <h1>module example/nested</h1>
  <p>A nested package.</p> 
  <h2>Types</h2>
  <dl>
    <dt>
      <a href="module_example_nested_Greeter.html">Greeter</a>
    </dt>
    <dd>
      <p>A greeter.</p> 
    </dd>
    <dt>
      <a href="module_example_nested_IdGenerator.html">IdGenerator</a>
    </dt>
    <dd>
      <p>Generates IDs.</p> 
    </dd>
    <dt>
      <a href="module_example_nested_IncreasingIdGenerator.html">IncreasingIdGenerator</a>
    </dt>
    <dd>
      <p>No description.</p> 
    </dd>
    <dt>
      <a href="module_example_nested_IncrementingIdGenerator.html">IncrementingIdGenerator</a>
    </dt>
    <dd>
      <p>An <a href="module_example_nested_IdGenerator.html"><code>IdGenerator</code></a> that generates incrementing IDs.</p> 
    </dd>
  </dl>
</article>
