<nav class="dossier-nav">
  <section>
    <a class="title" href="index.html" tabindex="2">Overview</a>
  </section>
  <section class="modules">
    <div class="toggle">
      <div class="title">
        <span class="item" tabindex="2">Modules</span>
        <i class="material-icons">expand_more</i>
      </div>
    </div>
  </section>
  <section class="types">
    <div class="toggle">
      <div class="title">
        <span class="item" tabindex="2">Types</span>
        <i class="material-icons">expand_more</i>
      </div>
    </div>
  </section>
  <section>
    <a class="title" href="Custom_Page.html" tabindex="2">Custom Page</a>
  </section>
</nav>