[
  null,
  [
    [
      [
        "Person",
        null,
        null,
        null,
        [
          null,
          410,
          null,
          [
            null,
            null,
            "source/globals.js.src.html"
          ]
        ],
        null,
        [
          []
        ],
        [
          null,
          null,
          null,
          null,
          1,
          null,
          null,
          null,
          1
        ],
        null,
        [],
        null,
        [],
        [],
        [
          [
            "Person",
            [
              null,
              410,
              null,
              [
                null,
                null,
                "source/globals.js.src.html"
              ]
            ],
            [
              []
            ],
            null,
            null,
            null,
            null,
            null,
            [],
            []
          ],
          [],
          null,
          [],
          null,
          []
        ],
        [],
        [
          [
            [
              "age",
              [
                null,
                412,
                null,
                [
                  null,
                  null,
                  "source/globals.js.src.html"
                ]
              ],
              [
                []
              ],
              null,
              null,
              null,
              null,
              null,
              [],
              []
            ],
            [
              null,
              null,
              null,
              [
                "number",
                null,
                null,
                1,
                []
              ]
            ]
          ],
          [
            [
              "name",
              [
                null,
                411,
                null,
                [
                  null,
                  null,
                  "source/globals.js.src.html"
                ]
              ],
              [
                []
              ],
              null,
              null,
              null,
              null,
              null,
              [],
              []
            ],
            [
              null,
              null,
              null,
              [
                "string",
                null,
                null,
                1,
                []
              ]
            ]
          ]
        ],
        null,
        [],
        [],
        [],
        null,
        null,
        "Person.html",
        "Person",
        [],
        [],
        [],
        []
      ]
    ]
  ]
]