<article>
  <section class="intro">
    <div class="header">
      <div class="codelink">
        <a href="source/globals.js.src.html#l380">View Source</a>
      </div>
      <h1 class="title">
        <div>
          record Person
        </div></h1>
    </div>
    <div class="body">
      <p>No description available.</p>
    </div>
  </section>
  <section class="instance-properties">
    <h2>Instance Properties</h2>
    <section class="property expandable" id="age">
      <div class="header">
        <div class="code-link">
          <a href="source/globals.js.src.html#l382" title="View source"><i class="material-icons">code</i></a>
        </div>
        <h3 class="name">
          <div>
            age
          </div></h3>
      </div>
      <div class="body">
        <dl>
          <dt class="spec">
            Type
          </dt>
          <dd>
            <a href="https://developer.mozilla.org/en-US/docs/Web/JavaScript/Reference/Global_Objects/Number">number</a>
          </dd>
        </dl>
      </div>
    </section>
    <section class="property expandable" id="name">
      <div class="header">
        <div class="code-link">
          <a href="source/globals.js.src.html#l381" title="View source"><i class="material-icons">code</i></a>
        </div>
        <h3 class="name">
          <div>
            name
          </div></h3>
      </div>
      <div class="body">
        <dl>
          <dt class="spec">
            Type
          </dt>
          <dd>
            <a href="https://developer.mozilla.org/en-US/docs/Web/JavaScript/Reference/Global_Objects/String">string</a>
          </dd>
        </dl>
      </div>
    </section>
  </section>
</article>