[
  null,
  [
    [
      [
        "test.registry",
        null,
        null,
        null,
        [
          null,
          23,
          null,
          [
            null,
            null,
            "source/registry.js.src.html"
          ]
        ],
        null,
        [
          []
        ],
        [],
        null,
        [],
        null,
        [
          [
            [
              "register",
              [
                null,
                39,
                null,
                [
                  null,
                  null,
                  "source/registry.js.src.html"
                ]
              ],
              [
                [
                  [
                    null,
                    "\u003cp\u003eAdds a name to the global registry.\u003c/p\u003e\n"
                  ]
                ]
              ],
              null,
              null,
              null,
              null,
              null,
              [],
              []
            ],
            [],
            null,
            [
              [
                "name",
                [
                  null,
                  null,
                  null,
                  [
                    "string",
                    null,
                    null,
                    1,
                    []
                  ]
                ],
                [
                  [
                    [
                      null,
                      "\u003cp\u003eThe name to register.\u003c/p\u003e\n"
                    ]
                  ]
                ]
              ]
            ],
            null,
            []
          ]
        ],
        [],
        null,
        [],
        [],
        null,
        [],
        [],
        [],
        [
          [
            "test.registry",
            null,
            [
              null,
              null,
              [
                null,
                null,
                "test.registry.html"
              ]
            ],
            null,
            []
          ],
          null,
          null,
          1
        ],
        null,
        "test.registry.html",
        "test.registry",
        [],
        [],
        [],
        []
      ],
      [
        "test.Registry",
        null,
        null,
        null,
        [
          null,
          29,
          null,
          [
            null,
            null,
            "source/registry.js.src.html"
          ]
        ],
        null,
        [
          [
            [
              null,
              "\u003cp\u003eA generic registry.\u003c/p\u003e\n"
            ]
          ]
        ],
        [],
        null,
        [],
        null,
        [],
        [],
        [
          [
            "Registry",
            [
              null,
              29,
              null,
              [
                null,
                null,
                "source/registry.js.src.html"
              ]
            ],
            [
              [
                [
                  null,
                  "\u003cp\u003eA generic registry.\u003c/p\u003e\n"
                ]
              ]
            ],
            null,
            null,
            null,
            null,
            null,
            [],
            []
          ],
          [],
          1,
          [],
          null,
          []
        ],
        [],
        [],
        null,
        [],
        [],
        [],
        [
          [
            "test",
            null,
            [
              null,
              null,
              [
                null,
                null,
                "test.html"
              ]
            ],
            null,
            []
          ],
          null,
          null,
          1
        ],
        null,
        "test.Registry.html",
        "test.Registry",
        [],
        [],
        [],
        []
      ]
    ]
  ]
]