<main>
  <article>
    <h2>Did you mean?</h2>
    <ul>
      <li><a href="test.registry.html">test.registry</a></li>
      <li><a href="test.Registry.html">test.Registry</a></li>
    </ul>
  </article>
  <article style="display:none" data-name="test.registry" data-filename="test.registry.html">
    <section class="intro">
      <div class="header">
        <h1 class="title">
          <div>
            namespace test.registry
          </div></h1>
      </div>
      <div class="body">
        <p>No description available.</p>
        <div class="source">
          <a href="source/registry.js.src.html#l23" title="View source">VIEW SOURCE</a>
        </div>
      </div>
    </section>
    <section class="instance-methods">
      <h2>Functions</h2>
      <section class="property expandable" id="register">
        <div class="header">
          <div class="more">
            <i class="material-icons">expand_more</i>
          </div>
          <h3 class="name">
            <div>
              register(
              <var>name</var> )
              <var class="yield">â†’</var>
              <code class="expression"><i>void</i></code>
            </div></h3>
        </div>
        <div class="body">
          <p>Adds a name to the global registry.</p>
          <table class="info">
            <tbody>
              <tr class="info-row block">
                <th class="info-head">Parameters</th>
                <td class="info-cell">
                  <table class="info detail">
                    <tbody>
                      <tr class="info-row">
                        <td class="info-cell"><var>name</var></td>
                        <td class="info-cell"><code class="expression"><a href="https://developer.mozilla.org/en-US/docs/Web/JavaScript/Reference/Global_Objects/String" target="_blank">string</a></code></td>
                      </tr>
                      <tr class="info-row">
                        <td class="info-cell"></td>
                        <td class="info-cell"><p>The name to register.</p> </td>
                      </tr>
                    </tbody>
                  </table></td>
              </tr>
            </tbody>
          </table>
          <div class="source">
            <a href="source/registry.js.src.html#l39" title="View source">VIEW SOURCE</a>
          </div>
        </div>
      </section>
    </section>
  </article>
  <article style="display:none" data-name="test.Registry" data-filename="test.Registry.html">
    <section class="intro">
      <div class="header">
        <table class="info">
          <tbody>
            <tr class="info-row block">
              <th class="info-head">Namespace</th>
              <td class="info-cell">
                <ul class="type-list">
                  <li><code class="expression"><a href="test.html">test</a></code></li>
                </ul></td>
            </tr>
          </tbody>
        </table>
        <h1 class="title">
          <div>
            class test.Registry
          </div></h1>
      </div>
      <div class="body">
        <p>A generic registry.</p>
        <h3 class="name">
          <div>
            new Registry()
          </div></h3>
        <table class="info">
          <tbody>
            <tr class="info-row block">
              <th class="info-head">Parameters</th>
              <td class="info-cell"><p>None.</p></td>
            </tr>
          </tbody>
        </table>
        <div class="source">
          <a href="source/registry.js.src.html#l29" title="View source">VIEW SOURCE</a>
        </div>
      </div>
    </section>
  </article>
</main>