<article>
  <section class="intro">
    <div class="header">
      <div class="parentlink">
        <b>Namespace:</b>
        <a href="sample.inheritance.html">sample.inheritance</a>
      </div>
      <div class="codelink">
        <a href="source/inheritance.js.src.html#l174">View Source</a>
      </div>
      <h1 class="title">
        <div>
          class StringClass
        </div></h1>
    </div>
    <div class="body">
      <pre class="inheritance"><a href="sample.inheritance.TemplateClass.html">sample.inheritance.TemplateClass</a>&lt;<a href="https://developer.mozilla.org/en-US/docs/Web/JavaScript/Reference/Global_Objects/String" target="_blank">string</a>&gt;
  â”” <a href="sample.inheritance.StringClass.html">sample.inheritance.StringClass</a></pre>
      <dl>
        <dt class="spec">
          All Implemented Interfaces
        </dt>
        <dd>
          <code><a href="sample.inheritance.Runnable.html">sample.inheritance.Runnable</a></code>
        </dd>
      </dl>
      <p>This class extends another using Closure's goog.defineClass. This comment should be used for the class description, but be merged with the constructor documentation below.</p>
      <h3 class="name">
        <div>
          new StringClass(
          <var>value</var> )
        </div></h3>
      <dt class="spec">
        Parameters
      </dt>
      <dd>
        <dl>
          <dt class="type name">
            <var>value</var>
            <code><a href="https://developer.mozilla.org/en-US/docs/Web/JavaScript/Reference/Global_Objects/String" target="_blank">string</a></code>
          </dt>
          <dd>
            <p>The initial value.</p>
          </dd>
        </dl>
      </dd>
    </div>
  </section>
  <section class="instance-methods">
    <h2>Instance Methods</h2>
    <section class="property expandable" id="add">
      <div class="header">
        <div class="code-link">
          <a href="source/inheritance.js.src.html#l111" title="View source"><i class="material-icons">code</i></a>
        </div>
        <h3 class="name">
          <div>
            add(
            <var>value</var> )
          </div></h3>
      </div>
      <div class="body">
        <p>Adds a value to this instance's <a href="sample.inheritance.StringClass.html#getValue"><code>value</code></a>.</p>
        <dl>
          <dt class="spec">
            Defined by
          </dt>
          <dd>
            <a href="sample.inheritance.TemplateClass.html#add">sample.inheritance.TemplateClass</a>
          </dd>
          <dt class="spec">
            Parameters
          </dt>
          <dd>
            <dl>
              <dt class="type name">
                <var>value</var>
                <code>T</code>
              </dt>
              <dd>
                <p>The value to add.</p>
              </dd>
            </dl>
          </dd>
        </dl>
      </div>
    </section>
    <section class="property expandable" id="getValue">
      <div class="header">
        <div class="code-link">
          <a href="source/inheritance.js.src.html#l102" title="View source"><i class="material-icons">code</i></a>
        </div>
        <h3 class="name">
          <div>
            getValue()
          </div></h3>
      </div>
      <div class="body">
        <dl>
          <dt class="spec">
            Defined by
          </dt>
          <dd>
            <a href="sample.inheritance.TemplateClass.html#getValue">sample.inheritance.TemplateClass</a>
          </dd>
          <dt class="spec">
            Returns
          </dt>
          <dd>
            <dl>
              <dt class="type">
                <code><a href="https://developer.mozilla.org/en-US/docs/Web/JavaScript/Reference/Global_Objects/String" target="_blank">string</a></code>
              </dt>
              <dd>
                <p>.</p>
              </dd>
            </dl>
          </dd>
        </dl>
      </div>
    </section>
    <section class="property expandable" id="run">
      <div class="header">
        <div class="code-link">
          <a href="source/inheritance.js.src.html#l194" title="View source"><i class="material-icons">code</i></a>
        </div>
        <h3 class="name">
          <div>
            run()
          </div></h3>
      </div>
      <div class="body">
        <p>Run this instance.</p>
        <dl>
          <dt class="spec">
            Specified by
          </dt>
          <dd>
            <a href="sample.inheritance.Runnable.html#run">sample.inheritance.Runnable</a>
          </dd>
        </dl>
      </div>
    </section>
    <section class="property expandable" id="substring">
      <div class="header">
        <div class="code-link">
          <a href="source/inheritance.js.src.html#l203" title="View source"><i class="material-icons">code</i></a>
        </div>
        <h3 class="name">
          <div>
            substring(
            <var>fromIndex</var>,
            <var>opt_toIndex</var> )
          </div></h3>
      </div>
      <div class="body">
        <dl>
          <dt class="spec">
            Parameters
          </dt>
          <dd>
            <dl>
              <dt class="type name">
                <var>fromIndex</var>
                <code><a href="https://developer.mozilla.org/en-US/docs/Web/JavaScript/Reference/Global_Objects/Number" target="_blank">number</a></code>
              </dt>
              <dd>
                <p>The starting index.</p>
              </dd>
              <dt class="type name">
                <var>opt_toIndex</var>
                <code>(<a href="https://developer.mozilla.org/en-US/docs/Web/JavaScript/Reference/Global_Objects/Number" target="_blank">number</a>|undefined)</code>
              </dt>
              <dd>
                <p>The ending index.</p>
              </dd>
            </dl>
          </dd>
          <dt class="spec">
            Returns
          </dt>
          <dd>
            <dl>
              <dt class="type">
                <code><a href="https://developer.mozilla.org/en-US/docs/Web/JavaScript/Reference/Global_Objects/String" target="_blank">string</a></code>
              </dt>
              <dd>
                <p>A substring of this instance's current value.</p>
              </dd>
            </dl>
          </dd>
          <dt class="spec">
            See Also
          </dt>
          <dd>
            <a href="sample.inheritance.StringClass.html#getValue">#getValue()</a>
          </dd>
        </dl>
      </div>
    </section>
  </section>
  <section class="instance-properties">
    <h2>Instance Properties</h2>
    <section class="property expandable" id="name">
      <div class="header">
        <div class="code-link">
          <a href="source/inheritance.js.src.html#l97" title="View source"><i class="material-icons">code</i></a>
        </div>
        <h3 class="name">
          <div>
            name
          </div></h3>
      </div>
      <div class="body">
        <dl>
          <dt class="spec">
            Type
          </dt>
          <dd>
            <a href="https://developer.mozilla.org/en-US/docs/Web/JavaScript/Reference/Global_Objects/String" target="_blank">string</a>
          </dd>
          <dt class="spec">
            Defined by
          </dt>
          <dd>
            <a href="sample.inheritance.TemplateClass.html#name">sample.inheritance.TemplateClass</a>
          </dd>
        </dl>
      </div>
    </section>
    <section class="property expandable" id="value">
      <div class="header">
        <div class="code-link">
          <a href="source/inheritance.js.src.html#l112" title="View source"><i class="material-icons">code</i></a>
        </div>
        <h3 class="name">
          <div>
            value
          </div></h3>
      </div>
      <div class="body">
        <dl>
          <dt class="spec">
            Type
          </dt>
          <dd>
            <a href="https://developer.mozilla.org/en-US/docs/Web/JavaScript/Reference/Global_Objects/String" target="_blank">string</a>
          </dd>
          <dt class="spec">
            Defined by
          </dt>
          <dd>
            <a href="sample.inheritance.TemplateClass.html#value">sample.inheritance.TemplateClass</a>
          </dd>
        </dl>
      </div>
    </section>
  </section>
  <section class="static-functions">
    <h2>Static Functions</h2>
    <section class="property expandable" id="StringClass.isString">
      <div class="header">
        <div class="code-link">
          <a href="source/inheritance.js.src.html#l188" title="View source"><i class="material-icons">code</i></a>
        </div>
        <h3 class="name">
          <div>
            StringClass.isString(
            <var>value</var> )
          </div></h3>
      </div>
      <div class="body">
        <p>Tests if a value is a string.</p>
        <dl>
          <dt class="spec">
            Parameters
          </dt>
          <dd>
            <dl>
              <dt class="type name">
                <var>value</var>
                <code>*</code>
              </dt>
              <dd>
                <p>The value to test.</p>
              </dd>
            </dl>
          </dd>
          <dt class="spec">
            Returns
          </dt>
          <dd>
            <dl>
              <dt class="type">
                <code><a href="https://developer.mozilla.org/en-US/docs/Web/JavaScript/Reference/Global_Objects/Boolean" target="_blank">boolean</a></code>
              </dt>
              <dd>
                <p>Whether the value is a string.</p>
              </dd>
            </dl>
          </dd>
        </dl>
      </div>
    </section>
  </section>
</article>