<article>
  <div class="parentlink">
    <b>Module:</b> 
    <a href="example_nested.html">example/nested</a>
  </div>
  <div class="codelink">
    <a href="../source/example/nested.js.src.html#l61">View Source</a>
  </div>
  <h1>class IncrementingIdGenerator</h1>
  <dl>
    <dt>
      All implemented interfaces
    </dt>
    <dd>
      <code><a href="example_nested_exports_IdGenerator.html">IdGenerator</a></code>
    </dd>
    <dd>
      <code><a href="example_nested_exports_IncreasingIdGenerator.html">IncreasingIdGenerator</a></code>
    </dd>
  </dl>
  <p>An <a href="example_nested_exports_IdGenerator.html"><code>IdGenerator</code></a> that generates incrementing IDs.</p> 
  <h3>new IncrementingIdGenerator()</h3>
  <div>
    <div class="fn-details">
      <div>
        <b>Parameters</b>
      </div>
      <dl>
        <dd>
          None.
        </dd>
      </dl>
    </div>
  </div>
  <h2>Instance Methods</h2>
  <div id="getNext" class="function">
    <div>
      <h3>getNext()<span class="codelink"><a href="../source/example/nested.js.src.html#l68">code Â»</a></span></h3>
      <p><b>Specified by: </b><a href="example_nested_exports_IdGenerator.html#getNext">IdGenerator</a>, <a href="example_nested_exports_IncreasingIdGenerator.html#getNext">IncreasingIdGenerator</a></p>
      <div>
        <div class="fn-details">
          <div>
            <b>Returns</b>
          </div>
          <dl>
            <dt>
              <code><a href="https://developer.mozilla.org/en-US/docs/Web/JavaScript/Reference/Global_Objects/String">string</a></code>
            </dt>
            <dd>
              <p>A new ID.</p> 
            </dd>
          </dl>
        </div>
      </div>
    </div>
  </div>
</article>
