{
  "2": {
    "1": [
      {
        "1": "example/empty",
        "5": {
          "4": {
            "3": "../../source/example/empty.js.src.html"
          }
        },
        "7": {
          "1": [
            {
              "2": "\u003cp\u003eThis is an \u0026#34;empty\u0026#34; module that imports others, but has no\nexports or types of its own.\u003c/p\u003e\n"
            }
          ]
        },
        "8": {
          "6": true
        },
        "23": "empty.html",
        "24": "example/empty"
      }
    ]
  }
}