<article>
  <section class="intro">
    <div class="header">
      <h1 class="title">
        <div>
          Module example/empty
        </div></h1>
    </div>
    <div class="body">
      <p>This is an "empty" module that imports others, but has no exports or types of its own.</p>
      <div class="source">
        <a href="../../source/example/empty.js.src.html" title="View source">VIEW SOURCE</a>
      </div>
    </div>
  </section>
</article>