<footer>
  <a href="https://github.com/jleyba/js-dossier">Generated by dossier</a>
</footer>