<article>
  <section class="intro">
    <div class="header">
      <div class="codelink">
        <a href="../../source/example/index.js.src.html#l13">View Source</a>
      </div>
      <h1 class="title">
        <div>
          module example
        </div></h1>
    </div>
    <div class="body">
      <p>The main function.</p>
      <h3 class="name">example(<var>a</var>, <var>b</var>, <var>c</var>)</h3>
      <dl>
        <dt class="spec">
          Parameters
        </dt>
        <dd>
          <dl>
            <dt class="name">
              <var>a</var>
              <code><a href="https://developer.mozilla.org/en-US/docs/Web/JavaScript/Reference/Global_Objects/String">string</a></code>
            </dt>
            <dd>
              <p>First arg.</p>
            </dd>
            <dt class="name">
              <var>b</var>
              <code><a href="https://developer.mozilla.org/en-US/docs/Web/JavaScript/Reference/Global_Objects/Boolean">boolean</a></code>
            </dt>
            <dd>
              <p>Second arg.</p>
            </dd>
            <dt class="name">
              <var>c</var>
              <code>?</code>
            </dt>
            <dd>
              <p>Last arg; any type will do.</p>
            </dd>
          </dl>
        </dd>
      </dl>
    </div>
  </section>
  <section class="static-functions">
    <h2>Exported Functions</h2>
    <section class="property expandable" id="max">
      <div class="header">
        <div class="code-link">
          <a href="../../source/example/index.js.src.html#l30" title="View source"><i class="material-icons">code</i></a>
        </div>
        <h3 class="name">
          <div>
            max(
            <var>a</var>,
            <var>b</var>)
          </div></h3>
      </div>
      <div class="body">
        <dl>
          <dt class="spec">
            Parameters
          </dt>
          <dd>
            <dl>
              <dt class="name">
                <var>a</var>
                <code><a href="https://developer.mozilla.org/en-US/docs/Web/JavaScript/Reference/Global_Objects/Number">number</a></code>
              </dt>
              <dd>
                <p>The first number.</p>
              </dd>
              <dt class="name">
                <var>b</var>
                <code><a href="https://developer.mozilla.org/en-US/docs/Web/JavaScript/Reference/Global_Objects/Number">number</a></code>
              </dt>
              <dd>
                <p>The second number.</p>
              </dd>
            </dl>
          </dd>
          <dt class="spec">
            Returns
          </dt>
          <dd>
            <dl>
              <dt>
                <code><a href="https://developer.mozilla.org/en-US/docs/Web/JavaScript/Reference/Global_Objects/Number">number</a></code>
              </dt>
              <dd>
                <p>The larger of the two numbers.</p>
              </dd>
            </dl>
          </dd>
        </dl>
      </div>
    </section>
    <section class="property expandable" id="min">
      <div class="header">
        <div class="code-link">
          <a href="../../source/example/index.js.src.html#l23" title="View source"><i class="material-icons">code</i></a>
        </div>
        <h3 class="name">
          <div>
            min(
            <var>a</var>,
            <var>b</var>)
          </div></h3>
      </div>
      <div class="body">
        <dl>
          <dt class="spec">
            Parameters
          </dt>
          <dd>
            <dl>
              <dt class="name">
                <var>a</var>
                <code><a href="https://developer.mozilla.org/en-US/docs/Web/JavaScript/Reference/Global_Objects/Number">number</a></code>
              </dt>
              <dd>
                <p>The first number.</p>
              </dd>
              <dt class="name">
                <var>b</var>
                <code><a href="https://developer.mozilla.org/en-US/docs/Web/JavaScript/Reference/Global_Objects/Number">number</a></code>
              </dt>
              <dd>
                <p>The second number.</p>
              </dd>
            </dl>
          </dd>
          <dt class="spec">
            Returns
          </dt>
          <dd>
            <dl>
              <dt>
                <code><a href="https://developer.mozilla.org/en-US/docs/Web/JavaScript/Reference/Global_Objects/Number">number</a></code>
              </dt>
              <dd>
                <p>The smaller of the two numbers.</p>
              </dd>
            </dl>
          </dd>
        </dl>
      </div>
    </section>
  </section>
  <section class="types">
    <h2>Exported Types</h2>
    <ul>
      <li><a href="index_exports_GlobalCtor.html">GlobalCtor</a></li>
      <li><a href="index_exports_Greeter.html">Greeter</a></li>
    </ul>
  </section>
</article>