<article>
  <section class="intro">
    <div class="header">
      <h1 class="title">
        <div>
          Class Greeter
        </div></h1>
    </div>
    <div class="body">
      <table class="info">
        <tbody>
          <tr class="info-row block">
            <th class="info-head">Exported By</th>
            <td class="info-cell">
              <ul class="type-list">
                <li><code class="expression"><a href="index.html">example</a></code></li>
              </ul></td>
          </tr>
          <tr class="info-row block">
            <th class="info-head">Alias for</th>
            <td class="info-cell">
              <ul class="type-list">
                <li><code class="expression"><a href="nested_exports_Greeter.html">example/nested.Greeter</a></code></li>
              </ul></td>
          </tr>
        </tbody>
      </table>
      <p>A greeter.</p>
      <h3 class="name">
        <div>
          new Greeter()
        </div></h3>
      <table class="info">
        <tbody>
          <tr class="info-row block">
            <th class="info-head">Parameters</th>
            <td class="info-cell"><p>None.</p></td>
          </tr>
        </tbody>
      </table>
      <div class="source">
        <a href="../../source/example/index.js.src.html#l40" title="View source">VIEW SOURCE</a>
      </div>
    </div>
  </section>
  <section class="instance-methods">
    <h2>Instance Methods</h2>
    <section class="property expandable" id="greet">
      <div class="header">
        <div class="more">
          <i class="material-icons">expand_more</i>
        </div>
        <h3 class="name">
          <div>
            <var>this.</var>greet(
            <var>person</var> )
            <var class="yield">â†’</var>
            <code class="expression"><a href="https://developer.mozilla.org/en-US/docs/Web/JavaScript/Reference/Global_Objects/String" target="_blank">string</a></code>
          </div></h3>
      </div>
      <div class="body">
        <p>Greet the person.</p>
        <table class="info">
          <tbody>
            <tr class="info-row block">
              <th class="info-head">Parameters</th>
              <td class="info-cell">
                <table class="info detail">
                  <tbody>
                    <tr class="info-row">
                      <td class="info-cell"><var>person</var></td>
                      <td class="info-cell"><code class="expression"><a href="nested_exports_Person.html" title="example/nested.Person">Person</a></code></td>
                    </tr>
                    <tr class="info-row">
                      <td class="info-cell"></td>
                      <td class="info-cell"><p>The person to greet.</p> </td>
                    </tr>
                  </tbody>
                </table></td>
            </tr>
            <tr class="info-row block">
              <th class="info-head">Returns</th>
              <td class="info-cell">
                <table class="info detail">
                  <tbody>
                    <tr class="info-row">
                      <td class="info-cell"><code class="expression"><a href="https://developer.mozilla.org/en-US/docs/Web/JavaScript/Reference/Global_Objects/String" target="_blank">string</a></code></td>
                    </tr>
                    <tr class="info-row">
                      <td class="info-cell"><p>A greeting.</p> </td>
                    </tr>
                  </tbody>
                </table></td>
            </tr>
          </tbody>
        </table>
        <div class="source">
          <a href="../../source/example/nested.js.src.html#l33" title="View source">VIEW SOURCE</a>
        </div>
      </div>
    </section>
  </section>
</article>