[
  null,
  [
    [
      [
        "IdGenerator",
        null,
        null,
        null,
        [
          null,
          67,
          null,
          [
            null,
            null,
            "../../source/example/nested.js.src.html"
          ]
        ],
        null,
        [
          [
            [
              null,
              "\u003cp\u003eGenerates IDs.\u003c/p\u003e\n"
            ]
          ]
        ],
        [
          null,
          null,
          null,
          null,
          1
        ],
        null,
        [],
        null,
        [],
        [],
        [
          [
            "IdGenerator",
            [
              null,
              67,
              null,
              [
                null,
                null,
                "../../source/example/nested.js.src.html"
              ]
            ],
            [
              [
                [
                  null,
                  "\u003cp\u003eGenerates IDs.\u003c/p\u003e\n"
                ]
              ]
            ],
            null,
            null,
            null,
            null,
            null,
            [],
            []
          ],
          [],
          null,
          [],
          null,
          []
        ],
        [
          [
            [
              "getNext",
              [
                null,
                49,
                null,
                [
                  null,
                  null,
                  "../../source/example/nested.js.src.html"
                ]
              ],
              [
                []
              ],
              null,
              null,
              null,
              null,
              null,
              [],
              []
            ],
            [],
            null,
            [],
            [
              null,
              [
                null,
                null,
                null,
                [
                  "string",
                  null,
                  null,
                  1,
                  []
                ]
              ],
              [
                [
                  [
                    null,
                    "\u003cp\u003eA new ID.\u003c/p\u003e\n"
                  ]
                ]
              ]
            ],
            [
              [
                null,
                [
                  null,
                  null,
                  null,
                  null,
                  null,
                  [
                    [
                      [
                        null,
                        null,
                        null,
                        [
                          "Error",
                          null,
                          null,
                          1,
                          []
                        ]
                      ],
                      [
                        null,
                        null,
                        null,
                        null,
                        null,
                        null,
                        null,
                        null,
                        null,
                        1
                      ]
                    ]
                  ]
                ],
                [
                  [
                    [
                      null,
                      "\u003cp\u003eIf an ID could not be generated.\u003c/p\u003e\n"
                    ]
                  ]
                ]
              ]
            ]
          ]
        ],
        [],
        null,
        [],
        [],
        [],
        [
          [
            "example/nested",
            null,
            [
              null,
              null,
              [
                null,
                null,
                "nested.html"
              ]
            ],
            null,
            []
          ],
          null,
          null,
          null,
          1
        ],
        null,
        "nested_exports_IdGenerator.html",
        "example/nested.IdGenerator",
        [],
        [],
        [
          [
            "IncrementingIdGenerator",
            "example/nested.IncrementingIdGenerator",
            [
              null,
              null,
              [
                null,
                null,
                "nested_exports_IncrementingIdGenerator.html"
              ]
            ],
            null,
            []
          ]
        ],
        []
      ]
    ]
  ]
]