[
  null,
  [
    [
      [
        "example/nested",
        null,
        null,
        null,
        [
          null,
          9,
          null,
          [
            null,
            null,
            "../../source/example/nested.js.src.html"
          ]
        ],
        [
          [
            [
              "Greeter",
              null,
              [
                [
                  [
                    null,
                    "\u003cp\u003eA greeter.\u003c/p\u003e\n"
                  ]
                ]
              ],
              null,
              [
                null,
                null,
                "nested_exports_Greeter.html"
              ]
            ],
            [
              "IncrementingIdGenerator",
              null,
              [
                [
                  [
                    null,
                    "\u003cp\u003eAn \u003ca href\u003d\"nested_exports_IdGenerator.html\"\u003e\u003ccode\u003eIdGenerator\u003c/code\u003e\u003c/a\u003e that generates incrementing IDs.\u003c/p\u003e\n"
                  ]
                ]
              ],
              null,
              [
                null,
                null,
                "nested_exports_IncrementingIdGenerator.html"
              ]
            ],
            [
              "Person",
              null,
              [
                [
                  [
                    null,
                    "\u003cp\u003eBasic description of a person.\u003c/p\u003e\n"
                  ]
                ]
              ],
              null,
              [
                null,
                null,
                "nested_exports_Person.html"
              ]
            ]
          ],
          [],
          [
            [
              "IdGenerator",
              null,
              [
                [
                  [
                    null,
                    "\u003cp\u003eGenerates IDs.\u003c/p\u003e\n"
                  ]
                ]
              ],
              [
                null,
                null,
                null,
                null,
                1
              ],
              [
                null,
                null,
                "nested_exports_IdGenerator.html"
              ]
            ],
            [
              "IncreasingIdGenerator",
              null,
              [
                []
              ],
              [
                null,
                null,
                null,
                null,
                1
              ],
              [
                null,
                null,
                "nested_exports_IncreasingIdGenerator.html"
              ]
            ]
          ]
        ],
        [
          [
            [
              null,
              "\u003cp\u003eA nested package.\u003c/p\u003e\n"
            ]
          ]
        ],
        [
          null,
          null,
          null,
          null,
          null,
          1
        ],
        null,
        [],
        null,
        [],
        [],
        null,
        [],
        [],
        null,
        [],
        [],
        [],
        null,
        null,
        "nested.html",
        "example/nested",
        [],
        [],
        [],
        []
      ]
    ]
  ]
]