<article>
  <div class="codelink">
    <a href="../../source/example/nested.js.src.html#l9">View Source</a>
  </div>
  <h1>module example/nested</h1>
  <p>A nested package.</p>
  <h2>Types</h2>
  <dl>
    <dt>
      <a href="nested_exports_Greeter.html">Greeter</a>
    </dt>
    <dd>
      <p>A greeter.</p>
    </dd>
    <dt>
      <a href="nested_exports_IdGenerator.html">IdGenerator</a>
    </dt>
    <dd>
      <p>Generates IDs.</p>
    </dd>
    <dt>
      <a href="nested_exports_IncreasingIdGenerator.html">IncreasingIdGenerator</a>
    </dt>
    <dd>
      No description.
    </dd>
    <dt>
      <a href="nested_exports_IncrementingIdGenerator.html">IncrementingIdGenerator</a>
    </dt>
    <dd>
      <p>An <a href="nested_exports_IdGenerator.html"><code>IdGenerator</code></a> that generates incrementing IDs.</p>
    </dd>
  </dl>
</article>
