<article>
  <section class="intro">
    <div class="header">
      <table class="info">
        <tbody>
          <tr class="info-row block">
            <th class="info-head">Module</th>
            <td class="info-cell">
              <ul class="type-list">
                <li><code class="expression"><a href="nested.html">example/nested</a></code></li>
              </ul></td>
          </tr>
        </tbody>
      </table>
      <h1 class="title">
        <div>
          interface IdGenerator
        </div></h1>
    </div>
    <div class="body">
      <table class="info">
        <tbody>
          <tr class="info-row block">
            <th class="info-head">All Known Implementations</th>
            <td class="info-cell">
              <ul class="type-list">
                <li><code class="expression"><a href="nested_exports_IncrementingIdGenerator.html">example/nested.IncrementingIdGenerator</a></code></li>
              </ul></td>
          </tr>
        </tbody>
      </table>
      <p>Generates IDs.</p>
      <div class="source">
        <a href="../../source/example/nested.js.src.html#l67" title="View source">VIEW SOURCE</a>
      </div>
    </div>
  </section>
  <section class="instance-methods">
    <h2>Instance Methods</h2>
    <section class="property expandable" id="getNext">
      <div class="header">
        <div class="more">
          <i class="material-icons">expand_more</i>
        </div>
        <h3 class="name">
          <div>
            getNext()
            <var class="yield">â†’</var>
            <code class="expression"><a href="https://developer.mozilla.org/en-US/docs/Web/JavaScript/Reference/Global_Objects/String" target="_blank">string</a></code>
          </div></h3>
      </div>
      <div class="body">
        <table class="info">
          <tbody>
            <tr class="info-row block">
              <th class="info-head">Parameters</th>
              <td class="info-cell"><p>None.</p></td>
            </tr>
            <tr class="info-row block">
              <th class="info-head">Returns</th>
              <td class="info-cell">
                <table class="info detail">
                  <tbody>
                    <tr class="info-row">
                      <td class="info-cell"><code class="expression"><a href="https://developer.mozilla.org/en-US/docs/Web/JavaScript/Reference/Global_Objects/String" target="_blank">string</a></code></td>
                    </tr>
                    <tr class="info-row">
                      <td class="info-cell"><p>A new ID.</p> </td>
                    </tr>
                  </tbody>
                </table></td>
            </tr>
            <tr class="info-row block">
              <th class="info-head">Throws</th>
              <td class="info-cell">
                <table class="info detail">
                  <tbody>
                    <tr class="info-row">
                      <td class="info-cell"><code class="expression"><a href="https://developer.mozilla.org/en-US/docs/Web/JavaScript/Reference/Global_Objects/Error" target="_blank">Error</a></code></td>
                    </tr>
                    <tr class="info-row">
                      <td class="info-cell"><p>If an ID could not be generated.</p> </td>
                    </tr>
                  </tbody>
                </table></td>
            </tr>
          </tbody>
        </table>
        <div class="source">
          <a href="../../source/example/nested.js.src.html#l49" title="View source">VIEW SOURCE</a>
        </div>
      </div>
    </section>
  </section>
</article>