<article>
  <section class="intro">
    <div class="parentlink">
      <b>Module:</b>
      <a href="nested.html">example/nested</a>
    </div>
    <div class="codelink">
      <a href="../../source/example/nested.js.src.html#l78">View Source</a>
    </div>
    <h1 class="title">
      <div>
        class IncrementingIdGenerator
      </div></h1>
    <dl>
      <dt class="spec">
        All implemented interfaces
      </dt>
      <dd>
        <code><a href="nested_exports_IdGenerator.html">IdGenerator</a></code>
      </dd>
      <dd>
        <code><a href="nested_exports_IncreasingIdGenerator.html">IncreasingIdGenerator</a></code>
      </dd>
    </dl>
    <p>An <a href="nested_exports_IdGenerator.html"><code>IdGenerator</code></a> that generates incrementing IDs.</p>
    <h3 class="name">
      <div>
        new IncrementingIdGenerator()
      </div></h3>
    <dt class="spec">
      Parameters
    </dt>
    <dd>
      <dl>
        <dd>
          <p>None.</p>
        </dd>
      </dl>
    </dd>
  </section>
  <section class="instance-methods">
    <h2>Instance Methods</h2>
    <section class="property" id="getNext">
      <div class="code-link">
        <a href="../../source/example/nested.js.src.html#l85" title="View source"><i class="material-icons">code</i></a>
      </div>
      <h3 class="name">
        <div>
          getNext()
        </div></h3>
      <dl>
        <dt class="spec">
          Specified by
        </dt>
        <dd>
          <a href="nested_exports_IdGenerator.html#getNext">IdGenerator</a>
        </dd>
        <dd>
          <a href="nested_exports_IncreasingIdGenerator.html#getNext">IncreasingIdGenerator</a>
        </dd>
        <dt class="spec">
          Returns
        </dt>
        <dd>
          <dl>
            <dt>
              <code><a href="https://developer.mozilla.org/en-US/docs/Web/JavaScript/Reference/Global_Objects/String">string</a></code>
            </dt>
            <dd>
              <p>A new ID.</p>
            </dd>
          </dl>
        </dd>
      </dl>
    </section>
  </section>
</article>
