<article>
  <div class="codelink">
    <a href="source/closure_module.js.src.html#l33">View Source</a>
  </div>
  <h1>class closure.module.PubClass</h1>
  <p>This class is defined internally, but assigned to exports and thus should be documented.</p>
  <h2 class="main">new closure.module.PubClass()</h2>
  <p>No information.</p>
  <h2>Instance Methods</h2>
  <h3><a id="aMethod"></a>aMethod()<span class="codelink"><a href="source/closure_module.js.src.html#l29">code &raquo;</a></span></h3>
  <p>This is a method.</p>
  <h3><a id="constructor"></a>constructor()<span class="codelink"><a href="source/closure_module.js.src.html#l22">code &raquo;</a></span></h3>
  <p>No information.</p>
  <h2>Static Properties</h2>
  <dl>
    <dt>
      <a id="closure.module.PubClass.superClass_"></a>
      <a href="source/closure_module.js.src.html#l22">closure.module.PubClass.superClass_</a>
      <code>closure.module.Clazz.prototype</code>
    </dt>
    <dd>
      No description.
    </dd>
  </dl>
</article>