<article>
  <div class="parentlink">
    <b>Namespace:</b> 
    <a href="namespace_sample_inheritance.html">sample.inheritance</a>
  </div>
  <div class="codelink">
    <a href="source/inheritance.js.src.html#l119">View Source</a>
  </div>
  <h1>class NumberClass</h1>
  <pre class="inheritance"><a href="class_sample_inheritance_TemplateClass.html">sample.inheritance.TemplateClass</a>&lt;<a href="https://developer.mozilla.org/en-US/docs/Web/JavaScript/Reference/Global_Objects/Number">number</a>&gt;
  â”” sample.inheritance.NumberClass</pre>
  <h2>Instance Methods</h2>
  <h3><a id="add"></a>add(value)<span class="codelink"><a href="source/inheritance.js.src.html#l110">code &raquo;</a></span></h3>
  <p>Adds a value to this instance's <code><a href="class_sample_inheritance_NumberClass.html#getValue">value</a></code>.</p>
  <p><b>Defined by: </b><a href="class_sample_inheritance_TemplateClass.html">sample.inheritance.TemplateClass</a>&lt;<a href="https://developer.mozilla.org/en-US/docs/Web/JavaScript/Reference/Global_Objects/Number">number</a>&gt;</p>
  <div>
    <table>
      <tbody>
        <tr>
          <th>Parameters</th>
        </tr>
        <tr>
          <td>
            <dl>
              <dt>
                value
                <code><a href="https://developer.mozilla.org/en-US/docs/Web/JavaScript/Reference/Global_Objects/Number">number</a></code>
              </dt>
              <dd>
                The value to add.
              </dd>
            </dl></td>
        </tr>
      </tbody>
    </table>
  </div>
  <hr class="fn-sep" />
  <h3><a id="addMany"></a>addMany(n, var_args)<span class="codelink"><a href="source/inheritance.js.src.html#l130">code &raquo;</a></span></h3>
  <p>Similar to <code><a href="class_sample_inheritance_NumberClass.html#add">#add</a></code>, but handles many values.</p>
  <div>
    <table>
      <tbody>
        <tr>
          <th>Parameters</th>
        </tr>
        <tr>
          <td>
            <dl>
              <dt>
                n
                <code><a href="https://developer.mozilla.org/en-US/docs/Web/JavaScript/Reference/Global_Objects/Number">number</a></code>
              </dt>
              <dd>
                The first number to add.
              </dd>
              <dt>
                var_args
                <code>...<a href="https://developer.mozilla.org/en-US/docs/Web/JavaScript/Reference/Global_Objects/Number">number</a></code>
              </dt>
              <dd>
                The remaining numbers to add.
              </dd>
            </dl></td>
        </tr>
        <tr>
          <th>Returns</th>
        </tr>
        <tr>
          <td>
            <dl>
              <dt>
                <code><a href="https://developer.mozilla.org/en-US/docs/Web/JavaScript/Reference/Global_Objects/Number">number</a></code>
              </dt>
              <dd>
                The result.
              </dd>
            </dl></td>
        </tr>
      </tbody>
    </table>
  </div>
  <hr class="fn-sep" />
  <h3><a id="getValue"></a>getValue()<span class="codelink"><a href="source/inheritance.js.src.html#l101">code &raquo;</a></span></h3>
  <p><b>Defined by: </b><a href="class_sample_inheritance_TemplateClass.html">sample.inheritance.TemplateClass</a>&lt;<a href="https://developer.mozilla.org/en-US/docs/Web/JavaScript/Reference/Global_Objects/Number">number</a>&gt;</p>
  <div>
    <table>
      <tbody>
        <tr>
          <th>Returns</th>
        </tr>
        <tr>
          <td>
            <dl>
              <dt>
                <code><a href="https://developer.mozilla.org/en-US/docs/Web/JavaScript/Reference/Global_Objects/Number">number</a></code>
              </dt>
            </dl></td>
        </tr>
      </tbody>
    </table>
  </div>
  <h2>Instance Properties</h2>
  <dl>
    <dt>
      <a id="name"></a>
      <a href="source/inheritance.js.src.html#l96">name</a>
      <code><a href="https://developer.mozilla.org/en-US/docs/Web/JavaScript/Reference/Global_Objects/String">string</a></code>
    </dt>
    <dd>
      No description.
    </dd>
    <dt>
      <a id="value"></a>
      <a href="source/inheritance.js.src.html#l111">value</a>
      <code><a href="https://developer.mozilla.org/en-US/docs/Web/JavaScript/Reference/Global_Objects/Number">number</a></code>
    </dt>
    <dd>
      No description.
    </dd>
  </dl>
</article>
