<article>
  <div class="codelink">
    <a href="source/globals.js.src.html#l5">View Source</a>
  </div>
  <h1>class GlobalCtor</h1>
  <p>This is a global constructor.</p>
  <h2 class="main">new GlobalCtor()</h2>
  <p>No information.</p>
  <h2>Instance Methods</h2>
  <h3><a id="deprecatedMethod"></a>deprecatedMethod()<span class="codelink"><a href="source/globals.js.src.html#l61">code &raquo;</a></span></h3>
  <div class="tags">
    <span>deprecated</span>
  </div>
  <p>Method description here.</p>
  <p><b>Deprecated: </b>This is a deprecated method.</p>
  <div>
    <table>
      <tbody>
        <tr>
          <th>Returns</th>
        </tr>
        <tr>
          <td>
            <dl>
              <dt>
                <code><a href="https://developer.mozilla.org/en-US/docs/Web/JavaScript/Reference/Global_Objects/String">string</a></code>
              </dt>
              <dd>
                A string.
              </dd>
            </dl></td>
        </tr>
      </tbody>
    </table>
  </div>
  <h3><a id="deprecatedMethod2"></a>deprecatedMethod2()<span class="codelink"><a href="source/globals.js.src.html#l68">code &raquo;</a></span></h3>
  <div class="tags">
    <span>deprecated</span>
  </div>
  <p><b>Deprecated: </b>Annotation is only detail on method.</p>
  <h3><a id="instanceMethod"></a>instanceMethod()<span class="codelink"><a href="source/globals.js.src.html#l16">code &raquo;</a></span></h3>
  <p>This is a function defined inside the constructor.</p>
  <h3><a id="protoMethod"></a>protoMethod(x, y)<span class="codelink"><a href="source/globals.js.src.html#l52">code &raquo;</a></span></h3>
  <p>This is function defined on the prototype.</p>
  <div>
    <table>
      <tbody>
        <tr>
          <th>Parameters</th>
        </tr>
        <tr>
          <td>
            <dl>
              <dt>
                x
                <code><a href="https://developer.mozilla.org/en-US/docs/Web/JavaScript/Reference/Global_Objects/String">string</a></code>
              </dt>
              <dd>
                description.
              </dd>
              <dt>
                y
                <code>?</code>
              </dt>
              <dd>
                description only.
              </dd>
            </dl></td>
        </tr>
      </tbody>
    </table>
  </div>
  <h2>Static Functions</h2>
  <h3><a id="GlobalCtor.dateCtor"></a>GlobalCtor.dateCtor()<span class="codelink"><a href="source/globals.js.src.html#l30">code &raquo;</a></span></h3>
  <p>This is just an alias for an extern and should be documented as such.</p>
  <h3><a id="GlobalCtor.staticFunc"></a>GlobalCtor.staticFunc()<span class="codelink"><a href="source/globals.js.src.html#l44">code &raquo;</a></span></h3>
  <p>A static function.</p>
  <div>
    <table>
      <tbody>
        <tr>
          <th>Returns</th>
        </tr>
        <tr>
          <td><p>Return statement; no type.</p></td>
        </tr>
      </tbody>
    </table>
  </div>
  <h2>Static Properties</h2>
  <dl>
    <dt>
      <a id="GlobalCtor.staticProp"></a>
      <a href="source/globals.js.src.html#l23">GlobalCtor.staticProp</a>
      <code><a href="https://developer.mozilla.org/en-US/docs/Web/JavaScript/Reference/Global_Objects/String">string</a></code>
    </dt>
    <dd>
      A static property.
    </dd>
  </dl>
  <h2>Types</h2>
  <dl>
    <dt>
      <a href="class_GlobalCtor_Other.html">GlobalCtor.Other</a>
    </dt>
    <dd>
      This is a nested constructor and should be documented as a nested type.
    </dd>
  </dl>
</article>