<article>
  <div class="codelink">
    <a href="source/globals.js.src.html#l96">View Source</a>
  </div>
  <h1>enum GlobalEnum</h1>
  <dl>
    <dt>
      Type
      <code><a href="https://developer.mozilla.org/en-US/docs/Web/JavaScript/Reference/Global_Objects/String">string</a></code>
    </dt>
  </dl>
  <p>This is a global enumeration of strings.</p>
  <h2>Values and Descriptions</h2>
  <dl>
    <dt>
      <a id="GlobalEnum.COLOR"></a>COLOR
    </dt>
    <dd>
      Color description.
    </dd>
    <dt class="deprecated">
      <a id="GlobalEnum.DAY"></a>DAY
    </dt>
    <dd>
      Day of the week.
      <br />
      <b>Deprecated: </b>Do not use this anymore.
    </dd>
    <dt>
      <a id="GlobalEnum.FRUIT"></a>FRUIT
    </dt>
  </dl>
  <h2>Functions</h2>
  <h3><a id="GlobalEnum.doSomething"></a>GlobalEnum.doSomething()<span class="codelink"><a href="source/globals.js.src.html#l113">code &raquo;</a></span></h3>
  <p>This is a function defined on a global enumeration.</p>
</article>