<article>
  <div class="parentlink">
    <b>Module:</b> 
    <a href="module_example_nested.html">example/nested</a>
  </div>
  <div class="codelink">
    <a href="source/example/nested.js.src.html#l39">View Source</a>
  </div>
  <h1>interface IdGenerator</h1>
  <p>Generates IDs.</p>
  <h2>Instance Methods</h2>
  <h3><a id="getNext"></a>getNext()<span class="codelink"><a href="source/example/nested.js.src.html#l33">code &raquo;</a></span></h3>
  <div>
    <table>
      <tbody>
        <tr>
          <th>Returns</th>
        </tr>
        <tr>
          <td>
            <dl>
              <dt>
                <code><a href="https://developer.mozilla.org/en-US/docs/Web/JavaScript/Reference/Global_Objects/String">string</a></code>
              </dt>
              <dd>
                A new ID.
              </dd>
            </dl></td>
        </tr>
        <tr>
          <th>Throws</th>
        </tr>
        <tr>
          <td>
            <dl>
              <dt>
                <code><a href="https://developer.mozilla.org/en-US/docs/Web/JavaScript/Reference/Global_Objects/Error">Error</a></code>
              </dt>
              <dd>
                If an ID could not be generated.
              </dd>
            </dl></td>
        </tr>
      </tbody>
    </table>
  </div>
</article>
