<article>
  <div class="codelink">
    <a href="source/example/index.js.src.html#l10">View Source</a>
  </div>
  <h1>module example</h1>
  <p>Main package module.</p>
  <h2>Functions</h2>
  <h3><a id="max"></a>max(a, b)<span class="codelink"><a href="source/example/index.js.src.html#l10">code &raquo;</a></span></h3>
  <div>
    <table>
      <tbody>
        <tr>
          <th>Parameters</th>
        </tr>
        <tr>
          <td>
            <dl>
              <dt>
                a
                <code><a href="https://developer.mozilla.org/en-US/docs/Web/JavaScript/Reference/Global_Objects/Number">number</a></code>
              </dt>
              <dd>
                The first number.
              </dd>
              <dt>
                b
                <code><a href="https://developer.mozilla.org/en-US/docs/Web/JavaScript/Reference/Global_Objects/Number">number</a></code>
              </dt>
              <dd>
                The second number.
              </dd>
            </dl></td>
        </tr>
        <tr>
          <th>Returns</th>
        </tr>
        <tr>
          <td>
            <dl>
              <dt>
                <code><a href="https://developer.mozilla.org/en-US/docs/Web/JavaScript/Reference/Global_Objects/Number">number</a></code>
              </dt>
              <dd>
                The larger of the two numbers.
              </dd>
            </dl></td>
        </tr>
      </tbody>
    </table>
  </div>
  <h2>Types</h2>
  <dl>
    <dt>
      <a href="module_example_class_GlobalCtor.html">GlobalCtor</a>
    </dt>
    <dd>
      This is a global constructor.
    </dd>
    <dt>
      <a href="module_example_class_Greeter.html">Greeter</a>
    </dt>
    <dd>
      A greeter.
    </dd>
  </dl>
</article>