<article>
  <div class="parentlink">
    <b>Module:</b> 
    <a href="module_example_nested.html">example/nested</a>
  </div>
  <div class="codelink">
    <a href="source/example/nested.js.src.html#l47">View Source</a>
  </div>
  <h1>class IncrementingIdGenerator</h1>
  <dl>
    <dt>
      All implemented interfaces:
    </dt>
    <dd>
      <code><a href="module_example_nested_interface_IdGenerator.html">IdGenerator</a></code>
    </dd>
  </dl>
  <p>An <code><a href="module_example_nested_interface_IdGenerator.html">IdGenerator</a></code> that generates incrementing IDs.</p>
  <h2>Instance Methods</h2>
  <h3><a id="getNext"></a>getNext()<span class="codelink"><a href="source/example/nested.js.src.html#l54">code &raquo;</a></span></h3>
  <div>
    <table>
      <tbody>
        <tr>
          <th>Returns</th>
        </tr>
        <tr>
          <td>
            <dl>
              <dt>
                <code><a href="https://developer.mozilla.org/en-US/docs/Web/JavaScript/Reference/Global_Objects/String">string</a></code>
              </dt>
            </dl></td>
        </tr>
      </tbody>
    </table>
  </div>
</article>
