<article>
  <div class="codelink">
    <a href="source/closure_module.js.src.html#l6">View Source</a>
  </div>
  <h1>namespace closure.module</h1>
  <h2>Types</h2>
  <dl>
    <dt>
      <a href="class_closure_module_Clazz.html">Clazz</a>
    </dt>
    <dd>
      This class is defined on exports and should be documented.
    </dd>
    <dt>
      <a href="class_closure_module_PubClass.html">PubClass</a>
    </dt>
    <dd>
      This class is defined internally, but assigned to exports and thus should be documented.
    </dd>
  </dl>
</article>