<article>
  <div class="codelink">
    <a href="source/json.js.src.html#l8">View Source</a>
  </div>
  <h1>namespace sample.json</h1>
  <h2>Functions</h2>
  <h3><a id="sample.json.parse"></a>sample.json.parse(str)<span class="codelink"><a href="source/json.js.src.html#l26">code &raquo;</a></span></h3>
  <p>Parses a JSON string.</p>
  <div>
    <table>
      <tbody>
        <tr>
          <th>Parameters</th>
        </tr>
        <tr>
          <td>
            <dl>
              <dt>
                str
                <code><a href="https://developer.mozilla.org/en-US/docs/Web/JavaScript/Reference/Global_Objects/String">string</a></code>
              </dt>
              <dd>
                The string to parse.
              </dd>
            </dl></td>
        </tr>
        <tr>
          <th>Returns</th>
        </tr>
        <tr>
          <td><p>The parsed value.</p></td>
        </tr>
      </tbody>
    </table>
  </div>
  <h3><a id="sample.json.stringify"></a>sample.json.stringify(value)<span class="codelink"><a href="source/json.js.src.html#l17">code &raquo;</a></span></h3>
  <p>Converts a value to its JSON representation.</p>
  <div>
    <table>
      <tbody>
        <tr>
          <th>Parameters</th>
        </tr>
        <tr>
          <td>
            <dl>
              <dt>
                value
                <code>*</code>
              </dt>
              <dd>
                The value to convert.
              </dd>
            </dl></td>
        </tr>
        <tr>
          <th>Returns</th>
        </tr>
        <tr>
          <td>
            <dl>
              <dt>
                <code><a href="https://developer.mozilla.org/en-US/docs/Web/JavaScript/Reference/Global_Objects/String">string</a></code>
              </dt>
              <dd>
                The value's JSON representation.
              </dd>
            </dl></td>
        </tr>
      </tbody>
    </table>
  </div>
</article>