<nav>
  <h3><a href="index.html">Overview</a></h3>
  <div>
    <input type="checkbox" id="nav-types" checked="" />
    <label for="nav-types"><h3>Types</h3></label>
    <div>
      <ul>
        <li><a href="class_DeprecatedFoo.html">DeprecatedFoo</a></li>
        <li><a href="enum_EmptyEnum.html">EmptyEnum</a></li>
        <li><a href="class_GlobalCtor.html">GlobalCtor</a></li>
        <li><a href="class_GlobalCtor_Other.html">GlobalCtor.Other</a></li>
        <li><a href="enum_GlobalEnum.html">GlobalEnum</a></li>
        <li><a href="enum_UndefinedEnum.html">UndefinedEnum</a></li>
        <li><a href="namespace_sample_json.html">sample.json</a></li>
      </ul>
    </div>
  </div>
</nav>