<article>
  <div class="parentlink">
    <b>Namespace:</b> 
    <a href="namespace_sample_inheritance.html">sample.inheritance</a>
  </div>
  <div class="codelink">
    <a href="source/inheritance.js.src.html#l173">View Source</a>
  </div>
  <h1>class StringClass</h1>
  <pre class="inheritance"><a href="class_sample_inheritance_TemplateClass.html">sample.inheritance.TemplateClass</a>&lt;<a href="https://developer.mozilla.org/en-US/docs/Web/JavaScript/Reference/Global_Objects/String">string</a>&gt;
  â”” sample.inheritance.StringClass</pre>
  <dl>
    <dt>
      All implemented interfaces:
    </dt>
    <dd>
      <code><a href="interface_sample_inheritance_Runnable.html">sample.inheritance.Runnable</a></code>
    </dd>
  </dl>
  <p>This class extends another using Closure's goog.defineClass. This comment should be used for the class description, but be merged with the constructor documentation below.</p>
  <h2 class="main">new StringClass(<wbr />value)</h2>
  <div>
    <div class="fn-details">
      <div>
        <b>Parameters</b>
      </div>
      <dl>
        <dt>
          value
          <code><a href="https://developer.mozilla.org/en-US/docs/Web/JavaScript/Reference/Global_Objects/String">string</a></code>
        </dt>
        <dd>
          The initial value.
        </dd>
      </dl>
    </div>
  </div>
  <h2>Instance Methods</h2>
  <h3><a id="run"></a>run()<span class="codelink"><a href="source/inheritance.js.src.html#l193">code &raquo;</a></span></h3>
  <p><b>Specified by: </b><a href="interface_sample_inheritance_Runnable.html">sample.inheritance.Runnable</a></p>
  <hr class="fn-sep" />
  <h3><a id="substring"></a>substring(<wbr />fromIndex, opt_toIndex)<span class="codelink"><a href="source/inheritance.js.src.html#l201">code &raquo;</a></span></h3>
  <div>
    <div class="fn-details">
      <div>
        <b>Parameters</b>
      </div>
      <dl>
        <dt>
          fromIndex
          <code><a href="https://developer.mozilla.org/en-US/docs/Web/JavaScript/Reference/Global_Objects/Number">number</a></code>
        </dt>
        <dd>
          The starting index.
        </dd>
        <dt>
          opt_toIndex
          <code><a href="https://developer.mozilla.org/en-US/docs/Web/JavaScript/Reference/Global_Objects/Number">number</a>=</code>
        </dt>
        <dd>
          The ending index.
        </dd>
      </dl>
    </div>
    <div class="fn-details">
      <div>
        <b>Returns</b>
      </div>
      <dl>
        <dt>
          <code><a href="https://developer.mozilla.org/en-US/docs/Web/JavaScript/Reference/Global_Objects/String">string</a></code>
        </dt>
        <dd>
          A substring of this instance's current value.
        </dd>
      </dl>
    </div>
  </div>
  <h2>Static Functions</h2>
  <h3><a id="StringClass.isString"></a>StringClass.isString(<wbr />value)<span class="codelink"><a href="source/inheritance.js.src.html#l187">code &raquo;</a></span></h3>
  <p>Tests if a value is a string.</p>
  <div>
    <div class="fn-details">
      <div>
        <b>Parameters</b>
      </div>
      <dl>
        <dt>
          value
          <code>*</code>
        </dt>
        <dd>
          The value to test.
        </dd>
      </dl>
    </div>
    <div class="fn-details">
      <div>
        <b>Returns</b>
      </div>
      <dl>
        <dt>
          <code><a href="https://developer.mozilla.org/en-US/docs/Web/JavaScript/Reference/Global_Objects/Boolean">boolean</a></code>
        </dt>
        <dd>
          Whether the value is a string.
        </dd>
      </dl>
    </div>
  </div>
</article>