<article>
  <div class="parentlink">
    <b>Namespace:</b> 
    <a href="namespace_closure_module.html">closure.module</a>
  </div>
  <div class="codelink">
    <a href="source/closure_module.js.src.html#l42">View Source</a>
  </div>
  <h1>class Clazz</h1>
  <pre class="inheritance"><a href="class_closure_module_PubClass.html">closure.module.PubClass</a>
  â”” closure.module.Clazz</pre>
  <p>This class is defined on exports and should be documented. It is an extension of the internally defined <a href="class_closure_module_PubClass.html"><code>PublicClass</code></a>.</p>
  <h2>Instance Methods</h2>
  <h3><a id="method"></a>method()<span class="codelink"><a href="source/closure_module.js.src.html#l49">code &raquo;</a></span></h3>
  <p>Lorem ipsum.</p>
</article>
