<article>
  <div class="codelink">
    <a href="source/example/index.js.src.html#l13">View Source</a>
  </div>
  <h1>module example</h1>
  <p>Main package module.</p>
  <h2 class="main">example(<wbr />a, b, c)</h2>
  <div>
    <div class="fn-details">
      <div>
        <b>Parameters</b>
      </div>
      <dl>
        <dt>
          a
          <code><a href="https://developer.mozilla.org/en-US/docs/Web/JavaScript/Reference/Global_Objects/String">string</a></code>
        </dt>
        <dd>
          First arg.
        </dd>
        <dt>
          b
          <code><a href="https://developer.mozilla.org/en-US/docs/Web/JavaScript/Reference/Global_Objects/Boolean">boolean</a></code>
        </dt>
        <dd>
          Second arg.
        </dd>
        <dt>
          c
          <code>?</code>
        </dt>
        <dd>
          Last arg; any type will do.
        </dd>
      </dl>
    </div>
  </div>
  <h2>Functions</h2>
  <h3><a id="max"></a>max(<wbr />a, b)<span class="codelink"><a href="source/example/index.js.src.html#l30">code &raquo;</a></span></h3>
  <div>
    <div class="fn-details">
      <div>
        <b>Parameters</b>
      </div>
      <dl>
        <dt>
          a
          <code><a href="https://developer.mozilla.org/en-US/docs/Web/JavaScript/Reference/Global_Objects/Number">number</a></code>
        </dt>
        <dd>
          The first number.
        </dd>
        <dt>
          b
          <code><a href="https://developer.mozilla.org/en-US/docs/Web/JavaScript/Reference/Global_Objects/Number">number</a></code>
        </dt>
        <dd>
          The second number.
        </dd>
      </dl>
    </div>
    <div class="fn-details">
      <div>
        <b>Returns</b>
      </div>
      <dl>
        <dt>
          <code><a href="https://developer.mozilla.org/en-US/docs/Web/JavaScript/Reference/Global_Objects/Number">number</a></code>
        </dt>
        <dd>
          The larger of the two numbers.
        </dd>
      </dl>
    </div>
  </div>
  <hr class="fn-sep" />
  <h3><a id="min"></a>min(<wbr />a, b)<span class="codelink"><a href="source/example/index.js.src.html#l23">code &raquo;</a></span></h3>
  <div>
    <div class="fn-details">
      <div>
        <b>Parameters</b>
      </div>
      <dl>
        <dt>
          a
          <code><a href="https://developer.mozilla.org/en-US/docs/Web/JavaScript/Reference/Global_Objects/Number">number</a></code>
        </dt>
        <dd>
          The first number.
        </dd>
        <dt>
          b
          <code><a href="https://developer.mozilla.org/en-US/docs/Web/JavaScript/Reference/Global_Objects/Number">number</a></code>
        </dt>
        <dd>
          The second number.
        </dd>
      </dl>
    </div>
    <div class="fn-details">
      <div>
        <b>Returns</b>
      </div>
      <dl>
        <dt>
          <code><a href="https://developer.mozilla.org/en-US/docs/Web/JavaScript/Reference/Global_Objects/Number">number</a></code>
        </dt>
        <dd>
          The smaller of the two numbers.
        </dd>
      </dl>
    </div>
  </div>
  <h2>Types</h2>
  <dl>
    <dt>
      <a href="module_example_class_GlobalCtor.html">GlobalCtor</a>
    </dt>
    <dd>
      This is a global constructor.
    </dd>
    <dt>
      <a href="module_example_class_Greeter.html">Greeter</a>
    </dt>
    <dd>
      A greeter.
    </dd>
  </dl>
</article>