<article>
  <div class="codelink">
    <a href="source/example/worker.js.src.html#l9">View Source</a>
  </div>
  <h1>module example/worker</h1>
  <p>And this is the exported constructor comment.</p>
</article>