<article>
  <div class="codelink">
    <a href="source/filter.js.src.html#l5">View Source</a>
  </div>
  <h1>namespace foo</h1>
  <h2>Functions</h2>
  <h3><a id="newFilteredClass"></a>newFilteredClass()<span class="codelink"><a href="source/filter.js.src.html#l21">code &raquo;</a></span></h3>
  <div>
    <div class="fn-details">
      <div>
        <b>Returns</b>
      </div>
      <dl>
        <dt>
          <code>foo.FilteredClass</code>
        </dt>
        <dd>
          <p>A new filtered class.</p>
        </dd>
      </dl>
    </div>
  </div>
  <h2>Types</h2>
  <dl>
    <dt>
      <a href="class_foo_One.html">One</a>
    </dt>
    <dd>
      <p>This link to <code>foo.bar.Two</code> should not resolve since foo.bar is filtered out of generated documentation.</p>
    </dd>
  </dl>
</article>